// Jest Snapshot v1, https://goo.gl/fbAQLP

exports[`ShowMore Component should render correctly ShowMore Component 1`] = `
<div
  className="catalog__more"
>
  <button
    className="catalog__button"
    onClick={[Function]}
    type="button"
  >
    Show more
  </button>
</div>
`;
