// Jest Snapshot v1, https://goo.gl/fbAQLP

exports[`WithVideoPlayer HOC should render <video/> inside MockComponent 1`] = `
<div>
  <video
    height="175"
    poster="poster-0.jpg"
    width="280"
  />
</div>
`;
