// Jest Snapshot v1, https://goo.gl/fbAQLP

exports[`should correnctly render VideoPlayer component 1`] = `
<video
  height="100"
  poster="poster-0.jpg"
  width="200"
/>
`;
