// Jest Snapshot v1, https://goo.gl/fbAQLP

exports[`should render correctly Overview Component 1`] = `
Array [
  <div
    className="movie-rating"
  >
    <div
      className="movie-rating__score"
    >
      9.7
    </div>
    <p
      className="movie-rating__meta"
    >
      <span
        className="movie-rating__level"
      >
        Very Good
      </span>
      <span
        className="movie-rating__count"
      >
        150
         ratings
      </span>
    </p>
  </div>,
  <div
    className="movie-card__text"
  >
    <p>
      bla-bla-bla
    </p>
    <p>
      olya-lya-lya
    </p>
    <p>
      wow-wow
    </p>
    <p
      className="movie-card__director"
    >
      <strong>
        Director: 
        Stiven Spielberg
      </strong>
    </p>
    <p
      className="movie-card__starring"
    >
      <strong>
        Starring: 
        Sam Neill, Jeff GoldBlum, Laura Dern and others
      </strong>
    </p>
  </div>,
]
`;
